gcc -g p4original.c
 gdb a.out
GNU gdb (Ubuntu 8.1.1-0ubuntu1) 8.1.1
Copyright (C) 2018 Free Software Foundation, Inc.
License GPLv3+: GNU GPL version 3 or later <http://gnu.org/licenses/gpl.html>
This is free software: you are free to change and redistribute it.
There is NO WARRANTY, to the extent permitted by law.  Type "show copying"
and "show warranty" for details.
This GDB was configured as "x86_64-linux-gnu".
Type "show configuration" for configuration details.
For bug reporting instructions, please see:
<http://www.gnu.org/software/gdb/bugs/>.
Find the GDB manual and other documentation resources online at:
<http://www.gnu.org/software/gdb/documentation/>.
For help, type "help".
Type "apropos word" to search for commands related to "word"...
Reading symbols from a.out...done.
(gdb) b main
Breakpoint 1 at 0x894: file p4original.c, line 31.
(gdb) r
Starting program: /home/runner/pps-IA1-practice-1/a.out 
warning: Error disabling address space randomization: Operation not permitted

Breakpoint 1, main () at p4original.c:31
31  {
(gdb) n
32    int i,n,sum,a[i];
(gdb) n
33    n=input_array_size();
(gdb) n
enter the size of the array 50
34    input_array(n,a);
(gdb) n
enter the numberenter the numberenter the numberenter the numberenter the numberenter the numberenter the numberenter the numberenter the numberenter the numberenter the numberenter the numberenter the numberenter the numberenter the numberenter the numberenter the numberenter the numberenter the numberenter the numberenter the numberenter the numberenter the numberenter the numberenter the numberenter the numberenter the numberenter the numberenter the numberenter the numberenter the numberenter the numberenter the numberenter the numberenter the numberenter the numberenter the numberenter the numberenter the numberenter the numberenter the numberenter the numberenter the numberenter the numberenter the numberenter the numberenter the numberenter the numberenter the numberenter the numbern
35    sum=sum_n_arrays(n,a);
(gdb) n
36    output(n,a,sum);
(gdb) n
37  }(gdb) n
__libc_start_main (main=0x55c95ca0088b <main>, argc=1, argv=0x7ffe84805f48, 
    init=<optimized out>, fini=<optimized out>, rtld_fini=<optimized out>, 
    stack_end=0x7ffe84805f38) at ../csu/libc-start.c:344
344 ../csu/libc-start.c: No such file or directory.
(gdb) n
1 +2 +3 +4 +5 +6 +7 +8 +9 +10 +11 +12 +13 +14 +15 +16 +17 +18 +19 +20 +21 +22 +23 +24 +25 +26 +27 +28 +29 +30 +31 +32 +33 +34 +35 +36 +37 +38 +39 +40 +41 +42 +43 +44 +45 +46 +47 +48 +49 +0 is 0[Inferior 1 (process 30) exited normally]
(gdb) n
The program is not being run.
(gdb) q
 